python: C:\Users\shgus\AppData\Local\Temp\venv_cpu\Scripts\python.exe (3.11.9)

[1/3] pip install -r requirements.txt (constraints.txt 동반) — torch 는 PyPI CPU 휠이 설치된다(GPU 는 md/DEPLOYMENT.md §3 의 CUDA 휠로 교체)
  $ pip --disable-pip-version-check install -r D:\vigent_original\requirements.txt
Collecting fastapi==0.137.2 (from -r D:\vigent_original\requirements.txt (line 10))
  Using cached fastapi-0.137.2-py3-none-any.whl.metadata (27 kB)
Collecting uvicorn==0.23.2 (from -r D:\vigent_original\requirements.txt (line 11))
  Using cached uvicorn-0.23.2-py3-none-any.whl.metadata (6.2 kB)
Collecting python-multipart==0.0.32 (from -r D:\vigent_original\requirements.txt (line 12))
  Using cached python_multipart-0.0.32-py3-none-any.whl.metadata (2.1 kB)
Collecting python-dotenv==1.2.2 (from -r D:\vigent_original\requirements.txt (line 13))
  Using cached python_dotenv-1.2.2-py3-none-any.whl.metadata (27 kB)
Collecting PyYAML==6.0.3 (from -r D:\vigent_original\requirements.txt (line 14))
  Using cached pyyaml-6.0.3-cp311-cp311-win_amd64.whl.metadata (2.4 kB)
Collecting websockets==16.0 (from -r D:\vigent_original\requirements.txt (line 15))
  Using cached websockets-16.0-cp311-cp311-win_amd64.whl.metadata (7.0 kB)
Collecting requests==2.33.0 (from -r D:\vigent_original\requirements.txt (line 16))
  Using cached requests-2.33.0-py3-none-any.whl.metadata (5.1 kB)
Requirement already satisfied: numpy==2.4.6 in c:\users\shgus\appdata\local\temp\venv_cpu\lib\site-packages (from -r D:\vigent_original\requirements.txt (line 24)) (2.4.6)
Collecting opencv-contrib-python-headless==4.13.0.92 (from -r D:\vigent_original\requirements.txt (line 25))
  Using cached opencv_contrib_python_headless-4.13.0.92-cp37-abi3-win_amd64.whl.metadata (20 kB)
Requirement already satisfied: Pillow==12.3.0 in c:\users\shgus\appdata\local\temp\venv_cpu\lib\site-packages (from -r D:\vigent_original\requirements.txt (line 26)) (12.3.0)
Requirement already satisfied: torch==2.12.0 in c:\users\shgus\appdata\local\temp\venv_cpu\lib\site-packages (from -r D:\vigent_original\requirements.txt (line 41)) (2.12.0)
Requirement already satisfied: torchvision==0.27.0 in c:\users\shgus\appdata\local\temp\venv_cpu\lib\site-packages (from -r D:\vigent_original\requirements.txt (line 42)) (0.27.0)
Collecting rfdetr==1.8.0 (from -r D:\vigent_original\requirements.txt (line 43))
  Using cached rfdetr-1.8.0-py3-none-any.whl.metadata (26 kB)
Collecting supervision==0.29.0.post0 (from -r D:\vigent_original\requirements.txt (line 55))
  Using cached supervision-0.29.0.post0-py3-none-any.whl.metadata (14 kB)
Collecting trackers==2.4.0 (from -r D:\vigent_original\requirements.txt (line 56))
  Using cached trackers-2.4.0-py3-none-any.whl.metadata (8.4 kB)
Collecting onnx==1.22.0 (from -r D:\vigent_original\requirements.txt (line 57))
  Using cached onnx-1.22.0-cp311-cp311-win_amd64.whl.metadata (8.5 kB)
Collecting rtmlib==0.0.15 (from -r D:\vigent_original\requirements.txt (line 72))
  Using cached rtmlib-0.0.15-py3-none-any.whl.metadata (31 kB)
Collecting onnxruntime==1.27.0 (from -r D:\vigent_original\requirements.txt (line 73))
  Using cached onnxruntime-1.27.0-cp311-cp311-win_amd64.whl.metadata (5.6 kB)
Collecting starlette>=0.46.0 (from fastapi==0.137.2->-r D:\vigent_original\requirements.txt (line 10))
  Using cached starlette-1.6.0-py3-none-any.whl.metadata (6.4 kB)
Collecting pydantic>=2.9.0 (from fastapi==0.137.2->-r D:\vigent_original\requirements.txt (line 10))
  Using cached pydantic-2.13.5-py3-none-any.whl.metadata (110 kB)
Requirement already satisfied: typing-extensions>=4.8.0 in c:\users\shgus\appdata\local\temp\venv_cpu\lib\site-packages (from fastapi==0.137.2->-r D:\vigent_original\requirements.txt (line 10)) (4.16.0)
Collecting typing-inspection>=0.4.2 (from fastapi==0.137.2->-r D:\vigent_original\requirements.txt (line 10))
  Using cached typing_inspection-0.4.4-py3-none-any.whl.metadata (2.6 kB)
Collecting annotated-doc>=0.0.2 (from fastapi==0.137.2->-r D:\vigent_original\requirements.txt (line 10))
  Using cached annotated_doc-0.0.5-py3-none-any.whl.metadata (6.5 kB)
Collecting click>=7.0 (from uvicorn==0.23.2->-r D:\vigent_original\requirements.txt (line 11))
  Using cached click-8.5.0-py3-none-any.whl.metadata (2.6 kB)
Collecting h11>=0.8 (from uvicorn==0.23.2->-r D:\vigent_original\requirements.txt (line 11))
  Using cached h11-0.16.0-py3-none-any.whl.metadata (8.3 kB)
Collecting charset_normalizer<4,>=2 (from requests==2.33.0->-r D:\vigent_original\requirements.txt (line 16))
  Using cached charset_normalizer-3.5.1-cp311-cp311-win_amd64.whl.metadata (46 kB)
Collecting idna<4,>=2.5 (from requests==2.33.0->-r D:\vigent_original\requirements.txt (line 16))
  Using cached idna-3.19-py3-none-any.whl.metadata (9.2 kB)
Collecting urllib3<3,>=1.26 (from requests==2.33.0->-r D:\vigent_original\requirements.txt (line 16))
  Using cached urllib3-2.7.0-py3-none-any.whl.metadata (6.9 kB)
Collecting certifi>=2023.5.7 (from requests==2.33.0->-r D:\vigent_original\requirements.txt (line 16))
  Using cached certifi-2026.7.22-py3-none-any.whl.metadata (2.5 kB)
Requirement already satisfied: filelock in c:\users\shgus\appdata\local\temp\venv_cpu\lib\site-packages (from torch==2.12.0->-r D:\vigent_original\requirements.txt (line 41)) (3.32.6)
Requirement already satisfied: setuptools<82 in c:\users\shgus\appdata\local\temp\venv_cpu\lib\site-packages (from torch==2.12.0->-r D:\vigent_original\requirements.txt (line 41)) (65.5.0)
Requirement already satisfied: sympy>=1.13.3 in c:\users\shgus\appdata\local\temp\venv_cpu\lib\site-packages (from torch==2.12.0->-r D:\vigent_original\requirements.txt (line 41)) (1.14.0)
Requirement already satisfied: networkx>=2.5.1 in c:\users\shgus\appdata\local\temp\venv_cpu\lib\site-packages (from torch==2.12.0->-r D:\vigent_original\requirements.txt (line 41)) (3.6.1)
Requirement already satisfied: jinja2 in c:\users\shgus\appdata\local\temp\venv_cpu\lib\site-packages (from torch==2.12.0->-r D:\vigent_original\requirements.txt (line 41)) (3.1.6)
Requirement already satisfied: fsspec>=0.8.5 in c:\users\shgus\appdata\local\temp\venv_cpu\lib\site-packages (from torch==2.12.0->-r D:\vigent_original\requirements.txt (line 41)) (2026.7.0)
Collecting tqdm (from rfdetr==1.8.0->-r D:\vigent_original\requirements.txt (line 43))
  Using cached tqdm-4.70.0-py3-none-any.whl.metadata (57 kB)
Collecting transformers<6.0.0,>=5.1.0 (from rfdetr==1.8.0->-r D:\vigent_original\requirements.txt (line 43))
  Using cached transformers-5.16.1-py3-none-any.whl.metadata (32 kB)
Collecting pyDeprecate<0.10,>=0.9 (from rfdetr==1.8.0->-r D:\vigent_original\requirements.txt (line 43))
  Using cached pydeprecate-0.9.0-py3-none-any.whl.metadata (79 kB)
Collecting defusedxml>=0.7.1 (from supervision==0.29.0.post0->-r D:\vigent_original\requirements.txt (line 55))
  Using cached defusedxml-0.7.1-py2.py3-none-any.whl.metadata (32 kB)
Collecting matplotlib>=3.6 (from supervision==0.29.0.post0->-r D:\vigent_original\requirements.txt (line 55))
  Using cached matplotlib-3.11.1-cp311-cp311-win_amd64.whl.metadata (80 kB)
Collecting opencv-python>=4.5.5.64 (from supervision==0.29.0.post0->-r D:\vigent_original\requirements.txt (line 55))
  Using cached opencv_python-4.13.0.92-cp37-abi3-win_amd64.whl.metadata (20 kB)
Collecting scipy>=1.10 (from supervision==0.29.0.post0->-r D:\vigent_original\requirements.txt (line 55))
  Using cached scipy-1.17.1-cp311-cp311-win_amd64.whl.metadata (60 kB)
Collecting rich>=13.0.0 (from trackers==2.4.0->-r D:\vigent_original\requirements.txt (line 56))
  Using cached rich-15.0.0-py3-none-any.whl.metadata (18 kB)
Collecting protobuf>=4.25.1 (from onnx==1.22.0->-r D:\vigent_original\requirements.txt (line 57))
  Using cached protobuf-7.36.1-cp310-abi3-win_amd64.whl.metadata (595 bytes)
Collecting ml_dtypes>=0.5.4 (from onnx==1.22.0->-r D:\vigent_original\requirements.txt (line 57))
  Using cached ml_dtypes-0.6.0-cp311-cp311-win_amd64.whl.metadata (8.8 kB)
Collecting opencv-contrib-python (from rtmlib==0.0.15->-r D:\vigent_original\requirements.txt (line 72))
  Using cached opencv_contrib_python-4.13.0.92-cp37-abi3-win_amd64.whl.metadata (20 kB)
Collecting flatbuffers (from onnxruntime==1.27.0->-r D:\vigent_original\requirements.txt (line 73))
  Using cached flatbuffers-25.12.19-py2.py3-none-any.whl.metadata (1.0 kB)
Collecting packaging (from onnxruntime==1.27.0->-r D:\vigent_original\requirements.txt (line 73))
  Using cached packaging-26.3-py3-none-any.whl.metadata (3.5 kB)
Collecting contourpy>=1.0.1 (from matplotlib>=3.6->supervision==0.29.0.post0->-r D:\vigent_original\requirements.txt (line 55))
  Using cached contourpy-1.3.3-cp311-cp311-win_amd64.whl.metadata (5.5 kB)
Collecting cycler>=0.10 (from matplotlib>=3.6->supervision==0.29.0.post0->-r D:\vigent_original\requirements.txt (line 55))
  Using cached cycler-0.12.1-py3-none-any.whl.metadata (3.8 kB)
Collecting fonttools>=4.28.2 (from matplotlib>=3.6->supervision==0.29.0.post0->-r D:\vigent_original\requirements.txt (line 55))
  Using cached fonttools-4.64.0-cp311-cp311-win_amd64.whl.metadata (126 kB)
Collecting kiwisolver>=1.3.1 (from matplotlib>=3.6->supervision==0.29.0.post0->-r D:\vigent_original\requirements.txt (line 55))
  Using cached kiwisolver-1.5.1-cp311-cp311-win_amd64.whl.metadata (5.2 kB)
Collecting pyparsing>=3 (from matplotlib>=3.6->supervision==0.29.0.post0->-r D:\vigent_original\requirements.txt (line 55))
  Using cached pyparsing-3.3.2-py3-none-any.whl.metadata (5.8 kB)
Collecting python-dateutil>=2.7 (from matplotlib>=3.6->supervision==0.29.0.post0->-r D:\vigent_original\requirements.txt (line 55))
  Using cached python_dateutil-2.9.0.post0-py2.py3-none-any.whl.metadata (8.4 kB)
Collecting annotated-types>=0.6.0 (from pydantic>=2.9.0->fastapi==0.137.2->-r D:\vigent_original\requirements.txt (line 10))
  Using cached annotated_types-0.8.0-py3-none-any.whl.metadata (15 kB)
Collecting pydantic-core==2.46.5 (from pydantic>=2.9.0->fastapi==0.137.2->-r D:\vigent_original\requirements.txt (line 10))
  Using cached pydantic_core-2.46.5-cp311-cp311-win_amd64.whl.metadata (6.7 kB)
Collecting markdown-it-py>=2.2.0 (from rich>=13.0.0->trackers==2.4.0->-r D:\vigent_original\requirements.txt (line 56))
  Using cached markdown_it_py-4.2.0-py3-none-any.whl.metadata (7.4 kB)
Collecting pygments<3.0.0,>=2.13.0 (from rich>=13.0.0->trackers==2.4.0->-r D:\vigent_original\requirements.txt (line 56))
  Using cached pygments-2.21.0-py3-none-any.whl.metadata (2.5 kB)
Collecting anyio<5,>=3.6.2 (from starlette>=0.46.0->fastapi==0.137.2->-r D:\vigent_original\requirements.txt (line 10))
  Using cached anyio-4.15.1-py3-none-any.whl.metadata (4.7 kB)
Requirement already satisfied: mpmath<1.4,>=1.1.0 in c:\users\shgus\appdata\local\temp\venv_cpu\lib\site-packages (from sympy>=1.13.3->torch==2.12.0->-r D:\vigent_original\requirements.txt (line 41)) (1.3.0)
Collecting colorama (from tqdm->rfdetr==1.8.0->-r D:\vigent_original\requirements.txt (line 43))
  Using cached colorama-0.4.6-py2.py3-none-any.whl.metadata (17 kB)
Collecting huggingface-hub<2.0,>=1.5.0 (from transformers<6.0.0,>=5.1.0->rfdetr==1.8.0->-r D:\vigent_original\requirements.txt (line 43))
  Using cached huggingface_hub-1.30.0-py3-none-any.whl.metadata (16 kB)
Collecting regex>=2025.10.22 (from transformers<6.0.0,>=5.1.0->rfdetr==1.8.0->-r D:\vigent_original\requirements.txt (line 43))
  Using cached regex-2026.9.3-cp311-cp311-win_amd64.whl.metadata (41 kB)
Collecting tokenizers<0.24.0,>=0.23.1 (from transformers<6.0.0,>=5.1.0->rfdetr==1.8.0->-r D:\vigent_original\requirements.txt (line 43))
  Using cached tokenizers-0.23.2-cp310-abi3-win_amd64.whl.metadata (10 kB)
Collecting typer (from transformers<6.0.0,>=5.1.0->rfdetr==1.8.0->-r D:\vigent_original\requirements.txt (line 43))
  Using cached typer-0.27.2-py3-none-any.whl.metadata (16 kB)
Collecting safetensors>=0.8.0 (from transformers<6.0.0,>=5.1.0->rfdetr==1.8.0->-r D:\vigent_original\requirements.txt (line 43))
  Using cached safetensors-0.8.0-cp310-abi3-win_amd64.whl.metadata (4.2 kB)
Requirement already satisfied: MarkupSafe>=2.0 in c:\users\shgus\appdata\local\temp\venv_cpu\lib\site-packages (from jinja2->torch==2.12.0->-r D:\vigent_original\requirements.txt (line 41)) (3.0.3)
Collecting hf-xet<2.0.0,>=1.5.2 (from huggingface-hub<2.0,>=1.5.0->transformers<6.0.0,>=5.1.0->rfdetr==1.8.0->-r D:\vigent_original\requirements.txt (line 43))
  Using cached hf_xet-1.6.0-cp38-abi3-win_amd64.whl.metadata (4.9 kB)
Collecting httpx<1,>=0.23.0 (from huggingface-hub<2.0,>=1.5.0->transformers<6.0.0,>=5.1.0->rfdetr==1.8.0->-r D:\vigent_original\requirements.txt (line 43))
  Using cached httpx-0.28.1-py3-none-any.whl.metadata (7.1 kB)
Collecting mdurl~=0.1 (from markdown-it-py>=2.2.0->rich>=13.0.0->trackers==2.4.0->-r D:\vigent_original\requirements.txt (line 56))
  Using cached mdurl-0.1.2-py3-none-any.whl.metadata (1.6 kB)
Collecting six>=1.5 (from python-dateutil>=2.7->matplotlib>=3.6->supervision==0.29.0.post0->-r D:\vigent_original\requirements.txt (line 55))
  Using cached six-1.17.0-py2.py3-none-any.whl.metadata (1.7 kB)
Collecting shellingham>=1.3.0 (from typer->transformers<6.0.0,>=5.1.0->rfdetr==1.8.0->-r D:\vigent_original\requirements.txt (line 43))
  Using cached shellingham-1.5.4-py2.py3-none-any.whl.metadata (3.5 kB)
Collecting httpcore==1.* (from httpx<1,>=0.23.0->huggingface-hub<2.0,>=1.5.0->transformers<6.0.0,>=5.1.0->rfdetr==1.8.0->-r D:\vigent_original\requirements.txt (line 43))
  Using cached httpcore-1.0.9-py3-none-any.whl.metadata (21 kB)
Using cached fastapi-0.137.2-py3-none-any.whl (122 kB)
Using cached uvicorn-0.23.2-py3-none-any.whl (59 kB)
Using cached python_multipart-0.0.32-py3-none-any.whl (30 kB)
Using cached python_dotenv-1.2.2-py3-none-any.whl (22 kB)
Using cached pyyaml-6.0.3-cp311-cp311-win_amd64.whl (158 kB)
Using cached websockets-16.0-cp311-cp311-win_amd64.whl (178 kB)
Using cached requests-2.33.0-py3-none-any.whl (65 kB)
Using cached opencv_contrib_python_headless-4.13.0.92-cp37-abi3-win_amd64.whl (46.3 MB)
Using cached rfdetr-1.8.0-py3-none-any.whl (381 kB)
Using cached supervision-0.29.0.post0-py3-none-any.whl (273 kB)
Using cached trackers-2.4.0-py3-none-any.whl (126 kB)
Using cached onnx-1.22.0-cp311-cp311-win_amd64.whl (17.2 MB)
Using cached rtmlib-0.0.15-py3-none-any.whl (61 kB)
Using cached onnxruntime-1.27.0-cp311-cp311-win_amd64.whl (13.4 MB)
Using cached annotated_doc-0.0.5-py3-none-any.whl (5.3 kB)
Using cached certifi-2026.7.22-py3-none-any.whl (136 kB)
Using cached charset_normalizer-3.5.1-cp311-cp311-win_amd64.whl (206 kB)
Using cached click-8.5.0-py3-none-any.whl (125 kB)
Using cached defusedxml-0.7.1-py2.py3-none-any.whl (25 kB)
Using cached h11-0.16.0-py3-none-any.whl (37 kB)
Using cached idna-3.19-py3-none-any.whl (68 kB)
Using cached matplotlib-3.11.1-cp311-cp311-win_amd64.whl (9.3 MB)
Using cached ml_dtypes-0.6.0-cp311-cp311-win_amd64.whl (433 kB)
Using cached opencv_python-4.13.0.92-cp37-abi3-win_amd64.whl (40.2 MB)
Using cached packaging-26.3-py3-none-any.whl (129 kB)
Using cached protobuf-7.36.1-cp310-abi3-win_amd64.whl (456 kB)
Using cached pydantic-2.13.5-py3-none-any.whl (472 kB)
Using cached pydantic_core-2.46.5-cp311-cp311-win_amd64.whl (2.0 MB)
Using cached pydeprecate-0.9.0-py3-none-any.whl (102 kB)
Using cached rich-15.0.0-py3-none-any.whl (310 kB)
Using cached scipy-1.17.1-cp311-cp311-win_amd64.whl (36.6 MB)
Using cached starlette-1.6.0-py3-none-any.whl (75 kB)
Using cached tqdm-4.70.0-py3-none-any.whl (80 kB)
Using cached transformers-5.16.1-py3-none-any.whl (12.1 MB)
Using cached typing_inspection-0.4.4-py3-none-any.whl (14 kB)
Using cached urllib3-2.7.0-py3-none-any.whl (131 kB)
Using cached flatbuffers-25.12.19-py2.py3-none-any.whl (26 kB)
Using cached opencv_contrib_python-4.13.0.92-cp37-abi3-win_amd64.whl (46.5 MB)
Using cached annotated_types-0.8.0-py3-none-any.whl (13 kB)
Using cached anyio-4.15.1-py3-none-any.whl (132 kB)
Using cached contourpy-1.3.3-cp311-cp311-win_amd64.whl (225 kB)
Using cached cycler-0.12.1-py3-none-any.whl (8.3 kB)
Using cached fonttools-4.64.0-cp311-cp311-win_amd64.whl (2.5 MB)
Using cached huggingface_hub-1.30.0-py3-none-any.whl (796 kB)
Using cached kiwisolver-1.5.1-cp311-cp311-win_amd64.whl (70 kB)
Using cached markdown_it_py-4.2.0-py3-none-any.whl (91 kB)
Using cached pygments-2.21.0-py3-none-any.whl (1.3 MB)
Using cached pyparsing-3.3.2-py3-none-any.whl (122 kB)
Using cached python_dateutil-2.9.0.post0-py2.py3-none-any.whl (229 kB)
Using cached regex-2026.9.3-cp311-cp311-win_amd64.whl (278 kB)
Using cached safetensors-0.8.0-cp310-abi3-win_amd64.whl (355 kB)
Using cached tokenizers-0.23.2-cp310-abi3-win_amd64.whl (2.9 MB)
Using cached colorama-0.4.6-py2.py3-none-any.whl (25 kB)
Using cached typer-0.27.2-py3-none-any.whl (123 kB)
Using cached hf_xet-1.6.0-cp38-abi3-win_amd64.whl (4.0 MB)
Using cached httpx-0.28.1-py3-none-any.whl (73 kB)
Using cached httpcore-1.0.9-py3-none-any.whl (78 kB)
Using cached mdurl-0.1.2-py3-none-any.whl (10.0 kB)
Using cached shellingham-1.5.4-py2.py3-none-any.whl (9.8 kB)
Using cached six-1.17.0-py2.py3-none-any.whl (11 kB)
Installing collected packages: flatbuffers, websockets, urllib3, typing-inspection, six, shellingham, scipy, safetensors, regex, PyYAML, python-multipart, python-dotenv, pyparsing, pygments, pyDeprecate, pydantic-core, protobuf, packaging, opencv-python, opencv-contrib-python-headless, opencv-contrib-python, ml_dtypes, mdurl, kiwisolver, idna, hf-xet, h11, fonttools, defusedxml, cycler, contourpy, colorama, click, charset_normalizer, certifi, annotated-types, annotated-doc, uvicorn, tqdm, requests, python-dateutil, pydantic, onnxruntime, onnx, markdown-it-py, httpcore, anyio, starlette, rtmlib, rich, matplotlib, httpx, typer, supervision, huggingface-hub, fastapi, trackers, tokenizers, transformers, rfdetr
Successfully installed PyYAML-6.0.3 annotated-doc-0.0.5 annotated-types-0.8.0 anyio-4.15.1 certifi-2026.7.22 charset_normalizer-3.5.1 click-8.5.0 colorama-0.4.6 contourpy-1.3.3 cycler-0.12.1 defusedxml-0.7.1 fastapi-0.137.2 flatbuffers-25.12.19 fonttools-4.64.0 h11-0.16.0 hf-xet-1.6.0 httpcore-1.0.9 httpx-0.28.1 huggingface-hub-1.30.0 idna-3.19 kiwisolver-1.5.1 markdown-it-py-4.2.0 matplotlib-3.11.1 mdurl-0.1.2 ml_dtypes-0.6.0 onnx-1.22.0 onnxruntime-1.27.0 opencv-contrib-python-4.13.0.92 opencv-contrib-python-headless-4.13.0.92 opencv-python-4.13.0.92 packaging-26.3 protobuf-7.36.1 pyDeprecate-0.9.0 pydantic-2.13.5 pydantic-core-2.46.5 pygments-2.21.0 pyparsing-3.3.2 python-dateutil-2.9.0.post0 python-dotenv-1.2.2 python-multipart-0.0.32 regex-2026.9.3 requests-2.33.0 rfdetr-1.8.0 rich-15.0.0 rtmlib-0.0.15 safetensors-0.8.0 scipy-1.17.1 shellingham-1.5.4 six-1.17.0 starlette-1.6.0 supervision-0.29.0.post0 tokenizers-0.23.2 tqdm-4.70.0 trackers-2.4.0 transformers-5.16.1 typer-0.27.2 typing-inspection-0.4.4 urllib3-2.7.0 uvicorn-0.23.2 websockets-16.0

[2/3] opencv 정리: GUI 빌드 제거 → headless --no-deps 재설치
  설치 전: {'opencv-contrib-python': '4.13.0.92', 'opencv-contrib-python-headless': '4.13.0.92', 'opencv-python': '4.13.0.92'}
  $ pip --disable-pip-version-check uninstall -y opencv-python opencv-contrib-python
Found existing installation: opencv-python 4.13.0.92
Uninstalling opencv-python-4.13.0.92:
  Successfully uninstalled opencv-python-4.13.0.92
Found existing installation: opencv-contrib-python 4.13.0.92
Uninstalling opencv-contrib-python-4.13.0.92:
  Successfully uninstalled opencv-contrib-python-4.13.0.92
  $ pip --disable-pip-version-check install --force-reinstall --no-deps opencv-contrib-python-headless==4.13.0.92
Collecting opencv-contrib-python-headless==4.13.0.92
  Using cached opencv_contrib_python_headless-4.13.0.92-cp37-abi3-win_amd64.whl.metadata (20 kB)
Using cached opencv_contrib_python_headless-4.13.0.92-cp37-abi3-win_amd64.whl (46.3 MB)
Installing collected packages: opencv-contrib-python-headless
  Attempting uninstall: opencv-contrib-python-headless
    Found existing installation: opencv-contrib-python-headless 4.13.0.92
    Uninstalling opencv-contrib-python-headless-4.13.0.92:
      Successfully uninstalled opencv-contrib-python-headless-4.13.0.92
Successfully installed opencv-contrib-python-headless-4.13.0.92
  설치 후: {'opencv-contrib-python-headless': '4.13.0.92'}

[3/3] cv2 검증(새 프로세스)
  OK: cv2 4.13.0 · GUI 항목 ['GUI:                           NONE']

완료 — cv2 headless 4.13 확인됨.
