INFO:     Started server process [5948]
INFO:     Waiting for application startup.
2026-09-06 02:36:29,743 [INFO] vigent.guard: 검출 슬롯: slot=forklift backend=rfdetr weights=forklift_rfdetr_v1.pth sha=cd76eb56487bf1aa → LOADED
2026-09-06 02:36:29,818 [INFO] vigent.guard: 검출 슬롯: slot=fire_smoke backend=rfdetr weights=fire_smoke_rfdetr_v1_e17.pth sha=b7425ce450f12cad → LOADED
2026-09-06 02:36:29,893 [INFO] vigent.guard: 검출 슬롯: slot=ppe backend=rfdetr weights=ppe_rfdetr_v1.pth sha=3380fa7d4bb1be87 → LOADED
2026-09-06 02:36:29,893 [ERROR] vigent.guard: RF-DETR 사전학습 캐시 부재: C:\WINDOWS\system32\config\systemprofile\.roboflow\models\rf-detr-nano.pth (파일 없음)
ERROR:    Traceback (most recent call last):
  File "C:\Users\shgus\AppData\Local\Programs\Python\Python311\Lib\site-packages\starlette\routing.py", line 638, in lifespan
    async with self.lifespan_context(app) as maybe_state:
  File "C:\Users\shgus\AppData\Local\Programs\Python\Python311\Lib\contextlib.py", line 210, in __aenter__
    return await anext(self.gen)
           ^^^^^^^^^^^^^^^^^^^^^
  File "C:\Users\shgus\AppData\Local\Programs\Python\Python311\Lib\site-packages\fastapi\routing.py", line 240, in merged_lifespan
    async with original_context(app) as maybe_original_state:
  File "C:\Users\shgus\AppData\Local\Programs\Python\Python311\Lib\contextlib.py", line 210, in __aenter__
    return await anext(self.gen)
           ^^^^^^^^^^^^^^^^^^^^^
  File "C:\Users\shgus\AppData\Local\Programs\Python\Python311\Lib\site-packages\fastapi\routing.py", line 240, in merged_lifespan
    async with original_context(app) as maybe_original_state:
  File "C:\Users\shgus\AppData\Local\Programs\Python\Python311\Lib\contextlib.py", line 210, in __aenter__
    return await anext(self.gen)
           ^^^^^^^^^^^^^^^^^^^^^
  File "C:\Users\shgus\AppData\Local\Programs\Python\Python311\Lib\site-packages\fastapi\routing.py", line 240, in merged_lifespan
    async with original_context(app) as maybe_original_state:
  File "C:\Users\shgus\AppData\Local\Programs\Python\Python311\Lib\contextlib.py", line 210, in __aenter__
    return await anext(self.gen)
           ^^^^^^^^^^^^^^^^^^^^^
  File "C:\Users\shgus\AppData\Local\Programs\Python\Python311\Lib\site-packages\fastapi\routing.py", line 240, in merged_lifespan
    async with original_context(app) as maybe_original_state:
  File "C:\Users\shgus\AppData\Local\Programs\Python\Python311\Lib\contextlib.py", line 210, in __aenter__
    return await anext(self.gen)
           ^^^^^^^^^^^^^^^^^^^^^
  File "C:\Users\shgus\AppData\Local\Programs\Python\Python311\Lib\site-packages\fastapi\routing.py", line 240, in merged_lifespan
    async with original_context(app) as maybe_original_state:
  File "C:\Users\shgus\AppData\Local\Programs\Python\Python311\Lib\contextlib.py", line 210, in __aenter__
    return await anext(self.gen)
           ^^^^^^^^^^^^^^^^^^^^^
  File "C:\Users\shgus\AppData\Local\Programs\Python\Python311\Lib\site-packages\fastapi\routing.py", line 240, in merged_lifespan
    async with original_context(app) as maybe_original_state:
  File "C:\Users\shgus\AppData\Local\Programs\Python\Python311\Lib\contextlib.py", line 210, in __aenter__
    return await anext(self.gen)
           ^^^^^^^^^^^^^^^^^^^^^
  File "C:\Users\shgus\AppData\Local\Programs\Python\Python311\Lib\site-packages\fastapi\routing.py", line 240, in merged_lifespan
    async with original_context(app) as maybe_original_state:
  File "C:\Users\shgus\AppData\Local\Programs\Python\Python311\Lib\contextlib.py", line 210, in __aenter__
    return await anext(self.gen)
           ^^^^^^^^^^^^^^^^^^^^^
  File "C:\Users\shgus\AppData\Local\Programs\Python\Python311\Lib\site-packages\fastapi\routing.py", line 240, in merged_lifespan
    async with original_context(app) as maybe_original_state:
  File "C:\Users\shgus\AppData\Local\Programs\Python\Python311\Lib\contextlib.py", line 210, in __aenter__
    return await anext(self.gen)
           ^^^^^^^^^^^^^^^^^^^^^
  File "C:\Users\shgus\AppData\Local\Programs\Python\Python311\Lib\site-packages\fastapi\routing.py", line 240, in merged_lifespan
    async with original_context(app) as maybe_original_state:
  File "C:\Users\shgus\AppData\Local\Programs\Python\Python311\Lib\contextlib.py", line 210, in __aenter__
    return await anext(self.gen)
           ^^^^^^^^^^^^^^^^^^^^^
  File "C:\Users\shgus\AppData\Local\Programs\Python\Python311\Lib\site-packages\fastapi\routing.py", line 240, in merged_lifespan
    async with original_context(app) as maybe_original_state:
  File "C:\Users\shgus\AppData\Local\Programs\Python\Python311\Lib\contextlib.py", line 210, in __aenter__
    return await anext(self.gen)
           ^^^^^^^^^^^^^^^^^^^^^
  File "C:\Users\shgus\AppData\Local\Programs\Python\Python311\Lib\site-packages\fastapi\routing.py", line 240, in merged_lifespan
    async with original_context(app) as maybe_original_state:
  File "C:\Users\shgus\AppData\Local\Programs\Python\Python311\Lib\site-packages\fastapi\routing.py", line 265, in __aenter__
    await self._router._startup()
  File "C:\Users\shgus\AppData\Local\Programs\Python\Python311\Lib\site-packages\fastapi\routing.py", line 6377, in _startup
    handler()
  File "D:\vigent_original\vigent-core\main.py", line 326, in _startup
    bundle = _load_theme(DEFAULT_THEME)
             ^^^^^^^^^^^^^^^^^^^^^^^^^^
  File "D:\vigent_original\vigent-core\app_state.py", line 36, in load_theme
    agents = build_agents(cfg)
             ^^^^^^^^^^^^^^^^^
  File "D:\vigent_original\vigent-core\agents\__init__.py", line 32, in build_agents
    agents = {cls.name: cls(config) for cls in AGENT_CLASSES}
             ^^^^^^^^^^^^^^^^^^^^^^^^^^^^^^^^^^^^^^^^^^^^^^^^
  File "D:\vigent_original\vigent-core\agents\__init__.py", line 32, in <dictcomp>
    agents = {cls.name: cls(config) for cls in AGENT_CLASSES}
                        ^^^^^^^^^^^
  File "D:\vigent_original\vigent-core\agents\guard.py", line 444, in __init__
    self._rfdetr_weights = self._resolve_rfdetr_weights(_raw_rfw)
                           ^^^^^^^^^^^^^^^^^^^^^^^^^^^^^^^^^^^^^^
  File "D:\vigent_original\vigent-core\agents\guard.py", line 498, in _resolve_rfdetr_weights
    self._require_rfdetr_pretrain(bool(out) or "rfdetr" in self._backend.values())
  File "D:\vigent_original\vigent-core\agents\guard.py", line 535, in _require_rfdetr_pretrain
    raise FileNotFoundError(
FileNotFoundError: [기동거부] RF-DETR 사전학습 체크포인트 부재: C:\WINDOWS\system32\config\systemprofile\.roboflow\models\rf-detr-nano.pth (파일 없음). 이대로 두면 rfdetr 이 런타임에 인터넷에서 349MB 를 받으려 하고, 인터넷이 없는 현장에서는 기동이 실패한다. 조치: `python scripts/fetch_weights.py --all` 로 조달하고 RF_HOME 이 vigent-core/weights 를 가리키는지 확인하라(deploy/windows/install_service.ps1 이 주입). 다운로드를 허용하려면 VIGENT_ALLOW_PRETRAIN_DOWNLOAD=1 을 명시하라.

ERROR:    Application startup failed. Exiting.
